** EXPERIMENTAL (HLL) ** Open Watcom Linker Version 2.0.1
Portions Copyright (c) 1985-2002 Sybase, Inc. All Rights Reserved.
Created on:       26/08/24 14:49:44
Executable Image: release\clrpalet.dll
creating an OS/2 32-bit dynamic link library


                        +------------+
                        |   Groups   |
                        +------------+

Group                           Address              Size
=====                           =======              ====

DGROUP                          0002:00000000        00001420



                        +--------------+
                        |   Segments   |
                        +--------------+

Segment                Class          Group          Address         Size
=======                =====          =====          =======         ====

BEGTEXT                CODE           AUTO           0001:00000000   00000007
_TEXT                  CODE           AUTO           0001:00000010   00007cf4
_NULL                  BEGDATA        DGROUP         0002:00000000   00000004
_AFTERNULL             BEGDATA        DGROUP         0002:00000004   00000000
CONST                  DATA           DGROUP         0002:00000004   00000240
CONST2                 DATA           DGROUP         0002:00000244   00000000
_DATA                  DATA           DGROUP         0002:00000244   00000580
XIB                    DATA           DGROUP         0002:000007c4   00000000
XI                     DATA           DGROUP         0002:000007c4   00000024
XIE                    DATA           DGROUP         0002:000007e8   00000000
YIB                    DATA           DGROUP         0002:000007e8   00000000
YI                     DATA           DGROUP         0002:000007e8   0000000c
YIE                    DATA           DGROUP         0002:000007f4   00000000
TIB                    DATA           DGROUP         0002:000007f4   00000000
TI                     DATA           DGROUP         0002:000007f4   00000000
TIE                    DATA           DGROUP         0002:000007f4   00000000
DATA                   DATA           DGROUP         0002:000007f4   00000000
DATA32                 DATA           DGROUP         0002:000007f4   000002cc
CONST32                CONST          DGROUP         0002:00000ac0   00000000
_BSS                   BSS            DGROUP         0002:00000ac0   00000960
BSS32                  BSS            DGROUP         0002:00001420   00000000
STACK                  STACK          DGROUP         0002:00001420   00000000


                        +----------------+
                        |   Memory Map   |
                        +----------------+

* = unreferenced symbol
+ = symbol only referenced locally

Address        Symbol
=======        ======

Module: release\clrpalet.obj(D:\SWTEST\clrpalet-watcom\src\clrpalet.c)
0002:0000026c  ColorPaletteClassData
0002:0000027c  ColorPaletteCClassData
0002:000003f0  M_ColorPaletteClassData
0002:000003f4  M_ColorPaletteCClassData
0001:00000010  ColorPaletteNewClass
0001:00000112  M_ColorPaletteNewClass
0001:000001fe+ clrp_SetEditDlgHandle
0001:00000222+ clrp_QueryEditDlgHandle
0001:0000023d+ clrp_QuerySampleShape
0001:00000274+ clrp_wpPaintCell
0001:000003a1+ clrp_wpEditCell
0001:00000421+ clrp_wpSelectCell
0001:00000478+ clrp_wpRedrawCell
0001:000004cc+ clrp_wpSetup
0001:0000058c+ clrpM_wpclsInitData
0001:000005c0+ clrpM_wpclsQueryIconData
0001:000005f4+ clrpM_wpclsQueryStyle
0001:0000060f+ ColorPickingDialog
0001:0000096a  SOMInitModule
0002:000004c4+ _vhmodClrPalet
Module: release\clrstar.obj(D:\SWTEST\clrpalet-watcom\src\clrstar.c)
0002:000004f8  StarColorPaletteClassData
0002:000004fc  StarColorPaletteCClassData
0001:000009ab  StarColorPaletteNewClass
0001:00000a2e+ clrs_QuerySampleShape
Module: release\clrwheel.obj(D:\SWTEST\clrpalet-watcom\src\clrwheel.c)
0001:00000a7d+ lHSBtoRGB_
0001:00000c5a+ hbmCreateBitmap_
0001:00000e5d+ DrawClrWheel_
0001:000012af+ BitmapConstructThread
0001:00001319  ClrWheelWndProc
Module: C:\WATCOM/lib386/os2\clib3r.lib(stk)
0001:000027dd* __STK
0001:000027cd  __CHK
0001:0000280c* __GRO
0001:000027fc* __STKOVERFLOW_
Module: C:\WATCOM/lib386/os2\clib3r.lib(memcpy.c)
0001:00002830  memcpy_
Module: C:\WATCOM/lib386/os2\clib3r.lib(nmalloc.c)
0001:00002850+ _use_os2_high_mem_
0001:00002880* _os2lmalloc_
0001:000028b0* _os2hmalloc_
0001:000028f0  _nmalloc_
0001:000028f0  malloc_
0002:00000624  ___nheapbeg
0002:00000628  ___MiniHeapRover
0002:0000062c  ___LargestSizeB4MiniHeapRover
0002:00000ae4  __os2_use_obj_any
Module: C:\WATCOM/lib386/os2\clib3r.lib(nfree.c)
0001:00002a30  _nfree_
0001:00002a30  free_
0002:00000ae8  ___MiniHeapFreeRover
Module: C:\WATCOM/lib386/os2\clib3r.lib(sscanf.c)
0001:00002b80+ vsscanf_
0001:00002bb0  sscanf_
Module: C:\WATCOM/lib386/os2\clib3r.lib(dstrt386)
0001:00002bd2  __DLLstart_
0001:00002bd2* __DLLstartw_
Module: C:\WATCOM/lib386/os2\clib3r.lib(memset.c)
0001:00002c30  memset_
Module: C:\WATCOM/lib386\math387r.lib(trig87)
0001:00002c95* sin_
0001:00002c89* cos_
0001:00002cb6* tan_
0001:00002c48* IF@COS
0001:00002c48  IF@DCOS
0001:00002c52* IF@SIN
0001:00002c52  IF@DSIN
0001:00002ca1* IF@TAN
0001:00002ca1* IF@DTAN
Module: C:\WATCOM/lib386\math387r.lib(fchop87)
0001:00002cc4  __CHP
Module: C:\WATCOM/lib386\math387r.lib(atan87)
0001:00002d06* atan_
0001:00002d12* atan2_
0001:00002cdc* IF@ATAN
0001:00002cdc* IF@DATAN
0001:00002cf1* IF@ATAN2
0001:00002cf1  IF@DATAN2
Module: C:\WATCOM/lib386/os2\clib3r.lib(fltused.c)
0002:0000063c  _fltused_
Module: C:\WATCOM/lib386/os2\emu387.lib(386)
0001:00002d30  __init_387_emulator
0001:00002d31* __fini_387_emulator
Module: C:\WATCOM/lib386/os2\clib3r.lib(_8087)
0002:00000640  __8087
0002:00000641  __real87
Module: C:\WATCOM/lib386/os2\clib3r.lib(xmsgo32.c)
0001:00002d40+ __exit_with_msg_
0001:00002d90  __fatal_runtime_error_
Module: C:\WATCOM/lib386/os2\clib3r.lib(maino32.c)
0002:00000644  ___FirstThreadData
0002:00000648  ___GetThreadPtr
0002:0000064c  __AccessFileH
0002:00000650  __ReleaseFileH
0002:00000654  __AccessIOB
0002:00000658  __ReleaseIOB
0002:0000065c  __AccessNHeap
0002:00000660  __AccessFHeap
0002:00000664  __ReleaseNHeap
0002:00000668  __ReleaseFHeap
0001:00002db6  __threadstack_
0001:00002dbd  __threadid_
0001:00002dc4* __OS2MainInit_
0001:00002e33  __OS2Init_
0001:00002e71  __OS2Fini_
0001:00002e79  __shutdown_stack_checking_
0001:00002e8e  __exit_
0002:0000066c  __AccessTDList
0002:00000670  __ReleaseTDList
0002:00000674  ___sig_init_rtn
0002:00000678  ___sig_fini_rtn
0002:0000067c  __threadstksize
0002:00000680+ ___process_fini
0002:00000aec  ___Is_DLL
0002:00000af0+ ___saved_CS
Module: C:\WATCOM/lib386/os2\clib3r.lib(grownear.c)
0001:000030c0  __ExpandDGROUP_
0002:00000684  __os2_obj_any_supported
Module: C:\WATCOM/lib386/os2\clib3r.lib(nmemneed.c)
0001:000030e0  __nmemneed_
Module: C:\WATCOM/lib386/os2\clib3r.lib(mem.c)
0001:000030f0  __MemAllocator
0001:000031a0  __MemFree
Module: C:\WATCOM/lib386/os2\clib3r.lib(scnf.c)
0001:00003e40  __scnf_
Module: C:\WATCOM/lib386/os2\clib3r.lib(dmaino32.c)
0001:000040a9  __LibMain
Module: C:\WATCOM/lib386/os2\clib3r.lib(segdefns)
0001:00000003  ___begtext
0002:00000000* __nullarea
0002:000007c4  __Start_XI
0002:000007e8  __End_XI
0002:000007e8  __Start_YI
0002:000007f4  __End_YI
Module: C:\WATCOM/lib386/os2\clib3r.lib(__stos)
0001:000042c0  __STOSB
0001:000042f7* __STOSD
Module: C:\WATCOM/lib386/os2\clib3r.lib(chipvar)
0002:00000688  ___chipbug
0002:00000688  __chipbug
Module: C:\WATCOM/lib386/os2\clib3r.lib(chipt32.asm)
0001:00004364  __fptan_chk
Module: C:\WATCOM/lib386/os2\clib3r.lib(chipw32.asm)
0001:00004418  __fpatan_wrap
Module: C:\WATCOM/lib386/os2\clib3r.lib(setefg.c)
0001:00004450  __setEFGfmt_
Module: C:\WATCOM/lib386/os2\clib3r.lib(chk8087.c)
0001:00004470  _fpreset_
0001:00004490* __init_8087_
0001:000044a0  __chk8087_
Module: C:\WATCOM/lib386/os2\clib3r.lib(crwdata)
0002:000006ce  __osmajor
0002:000006cf  __osminor
0002:0000069c  __LpDllName
0002:000006a0  __LpwCmdLine
0002:000006a4  __LpwPgmName
0002:000006a8  __LpwDllName
0002:00000694  __LpCmdLine
0002:00000698  __LpPgmName
0002:0000068c* __dynend
0002:00000690  __curbrk
0002:000006ac* __STACKLOW
0002:000006b0* __STACKTOP
0002:000006b4  __ASTACKSIZ
0002:000006b8  __ASTACKPTR
0002:000006bc* __cbyte
0002:000006c0* __cbyte2
0002:000006c4* __child
0002:000006ca  __Envptr
0002:000006c8  __no87
0002:000006d0* ___FPE_handler
Module: C:\WATCOM/lib386/os2\clib3r.lib(enterdb.c)
0001:000044f0  __EnterWVIDEO_
0002:000006d4+ ___WD_Present
Module: C:\WATCOM/lib386/os2\clib3r.lib(cinit.c)
0001:00004520  __CommonInit_
0002:00000f04  ___hmodule
Module: C:\WATCOM/lib386/os2\clib3r.lib(initrtns.c)
0001:00004540  __InitRtns
0001:00004590  __FiniRtns
Module: C:\WATCOM/lib386/os2\clib3r.lib(amblksiz.c)
0002:000006d8  __amblksiz
Module: C:\WATCOM/lib386/os2\clib3r.lib(heapen.c)
0001:000045f0* _heapenable_
0002:000006dc  ___heap_enabled
Module: C:\WATCOM/lib386/os2\clib3r.lib(nheapmin.c)
0001:00004620  _nheapshrink_
0001:00004620* _nheapmin_
0001:00004620* _heapmin_
0001:00004620  _heapshrink_
Module: C:\WATCOM/lib386/os2\clib3r.lib(istable.c)
0001:00004710  __IsTable
Module: C:\WATCOM/lib386/os2\clib3r.lib(mbisdbcs.c)
0002:000006e0  ___IsDBCS
Module: C:\WATCOM/lib386/os2\clib3r.lib(mbislead.c)
0001:00004820* _ismbblead_
0002:00000f08  ___MBCSIsTable
Module: C:\WATCOM/lib386/os2\clib3r.lib(mbtowc.c)
0001:00004840  mbtowc_
Module: C:\WATCOM/lib386/os2\clib3r.lib(bits.c)
0001:00004900  __Bits
Module: C:\WATCOM/lib386/os2\clib3r.lib(noefgfmt.c)
0002:000006e4  ___EFG_printf
0002:000006e8  ___EFG_scanf
Module: C:\WATCOM/lib386/os2\clib3r.lib(fdfs386)
0001:00004954  __FDFS
Module: C:\WATCOM/lib386/os2\clib3r.lib(tolower.c)
0001:000049a0  tolower_
Module: C:\WATCOM/lib386/os2\clib3r.lib(i8m)
0001:000049b0* __I8M
0001:000049b0  __U8M
Module: C:\WATCOM/lib386/os2\clib3r.lib(lmaino32.c)
0001:000049d0  LibMain
Module: C:\WATCOM/lib386/os2\clib3r.lib(mthread.c)
0001:00004a30+ __CloseSemaphore_
0001:00004aa0+ __AccessIOB_
0001:00004ab0+ __ReleaseIOB_
0001:00004ac0+ __AccessFileH_
0001:00004ad0+ __ReleaseFileH_
0001:00004ae0+ __AccessNHeap_
0001:00004af0+ __ReleaseNHeap_
0001:00004b00+ __AccessFHeap_
0001:00004b10+ __ReleaseFHeap_
0001:00004b20+ __AccessTDList_
0001:00004b30+ __AccessSemaphore_
0001:00004b90+ __ReleaseTDList_
0001:00004ba0+ __ReleaseSemaphore_
0001:00004bd0+ __MultipleThread_
0001:00004c10  __AllocInitThreadData_
0001:00004c60  __FreeInitThreadData_
0001:00004c70  __OS2AddThread_
0001:00004ce0  __OS2RemoveThread_
0001:00004d30  __InitMultipleThread_
0002:000006ec+ ___AccessSema4
0002:000006f0+ ___ReleaseSema4
0002:000006f4+ ___CloseSema4
Module: C:\WATCOM/lib386/os2\clib3r.lib(ddgrpo32.c)
0001:00004f90  __disallow_single_dgroup_
Module: C:\WATCOM/lib386/os2\clib3r.lib(atouni.c)
0001:000051e0  _atouni_
Module: C:\WATCOM/lib386/os2\clib3r.lib(trdalloc.c)
0001:00005220  __InitThreadProcessing_
0001:00005240  __FiniThreadProcessing_
0002:00001418  ___ThreadData
Module: C:\WATCOM/lib386/os2\clib3r.lib(maxthrds.c)
0002:000006f8  ___MaxThreads
Module: C:\WATCOM/lib386/os2\clib3r.lib(dosseg)
0000:00001234  __DOSseg__
Module: C:\WATCOM/lib386/os2\clib3r.lib(chipbug.c)
0001:000052a0  __verify_pentium_fdiv_bug_
Module: C:\WATCOM/lib386/os2\clib3r.lib(chipa32.asm)
0001:00005300  __fpatan_chk
Module: C:\WATCOM/lib386\math387r.lib(efgfmt.c)
0001:00005501  _EFG_Format_
Module: C:\WATCOM/lib386\math387r.lib(cnvs2d.c)
0001:0000566b  __cnvs2d_
Module: C:\WATCOM/lib386/os2\clib3r.lib(8087cw.c)
0002:000006fc  __8087cw
Module: C:\WATCOM/lib386/os2\clib3r.lib(init8087)
0001:00005680  __x87id
Module: C:\WATCOM/lib386/os2\clib3r.lib(mbinit.c)
0001:000056ed  __mbinit_
0002:00000700+ ___MBCodePage
Module: C:\WATCOM/lib386/os2\clib3r.lib(dllmno32.c)
0001:000057f0  DllMain
Module: C:\WATCOM/lib386/os2\clib3r.lib(trdlist.c)
0001:00005850  __GetThreadData_
0001:00005960  __ReallocThreadData_
0001:00005ad0  __AddThreadData_
0001:00005b50  __RemoveThreadData_
0001:00005bb0* __ResizeThreadDataList_
0001:00005c00  __FreeThreadDataList_
0001:00005c30* __ActiveThreads_
Module: C:\WATCOM/lib386/os2\clib3r.lib(mthrdini.c)
0001:00005c50  __InitThreadData_
0002:00000708  ___ThreadDataSize
Module: C:\WATCOM/lib386/os2\clib3r.lib(calloc.c)
0001:00005c70  calloc_
Module: C:\WATCOM/lib386/os2\clib3r.lib(register.c)
0001:00005ca0  __initthread_
0001:00005cb0* _beginthread_
0001:00005cc0  _endthread_
0001:00005cd0* __RegisterThreadData_
Module: C:\WATCOM/lib386/os2\clib3r.lib(thrdmax.c)
0001:00005d20  __GETMAXTHREADS
Module: C:\WATCOM/lib386/os2\clib3r.lib(chipd32.asm)
0001:00005e3f  __fdiv_fpr
0001:00006301* __fdiv_chk
0001:00006314* __fdiv_m32
0001:00006361* __fdiv_m64
0001:000063ae* __fdiv_m32r
0001:000063fb* __fdiv_m64r
Module: C:\WATCOM/lib386/os2\clib3r.lib(rtcntrl.c)
0001:00006450* _SetLD64bit_
0001:00006460* _SetLD80bit_
0001:00006470  _LDisDouble_
Module: C:\WATCOM/lib386\math387r.lib(ldcvt.c)
0001:0000655f  _LDScale10x_
0001:00006b06  __LDcvt_
Module: C:\WATCOM/lib386\math387r.lib(strtod.c)
0001:00007467+ __Strtold_
0001:000075ce  strtod_
Module: C:\WATCOM/lib386/os2\clib3r.lib(libmno32.c)
0001:00007720  __dll_initialize_
Module: C:\WATCOM/lib386/os2\clib3r.lib(libterm.c)
0001:00007730  __dll_terminate_
Module: C:\WATCOM/lib386/os2\clib3r.lib(nrealloc.c)
0001:00007740* _nrealloc_
0001:00007740  realloc_
Module: C:\WATCOM/lib386/os2\clib3r.lib(thredo32.c)
0001:000078a0  __CBeginThread_
0001:00007940  __CEndThread_
Module: C:\WATCOM/lib386\math387r.lib(ldclass.c)
0001:0000795c  __LDClass_
0001:000079ac* _FLClass_
Module: C:\WATCOM/lib386\math387r.lib(bufld386)
0001:000079bc  __ZBuf2LD
Module: C:\WATCOM/lib386/os2\clib3r.lib(seterrno.c)
0001:00007a5f* __set_errno_
0001:00007a6d* __set_EDOM_
0001:00007a7b  __set_ERANGE_
0001:00007a89* __set_EINVAL_
0001:00007a9c* __set_doserrno_
Module: C:\WATCOM/lib386\math387r.lib(inf_nan.c)
0001:00007aaa* ___f_infinity
0001:00007aae* ___f_posqnan
0001:00007ab2  ___d_infinity
0001:00007aba  ___d_posqnan
0001:00007ac2* ___ld_infinity
0001:00007aca* ___ld_posqnan
Module: C:\WATCOM/lib386/os2\clib3r.lib(hugeval.c)
0001:00007ae0  __HugeValue
Module: C:\WATCOM/lib386/os2\clib3r.lib(nmsize.c)
0001:00007af0  _nmsize_
0001:00007af0* _msize_
Module: C:\WATCOM/lib386/os2\clib3r.lib(nexpand.c)
0001:00007b00  _nexpand_
0001:00007b00* _expand_
0001:00007b40+ __HeapManager_expand_


                        +----------------------+
                        |   Imported Symbols   |
                        +----------------------+

Symbol                              Module
======                              ======

somtaddEntry                        somc
somtaddExt                          somc
somtaddGAtt                         somc
somtaddHeader                       somc
somtaddstar                         somc
somtallocBuf                        somc
somtallocDataList                   somc
somtallocMethodList                 somc
somtargFlag                         somc
somtattNormalise                    somc
somtattalloc                        somc
somtattjoin                         somc
somtbasename                        somc
somtcalcFileName                    somc
somtclassName                       somc
somtclassPrefix                     somc
somtcleanFiles                      somc
somtcleanFilesFatal                 somc
somtclsfilename                     somc
somtclsname                         somc
somtcreateMemBuf                    somc
somtcreateStab                      somc
somtcreateTypeCodes                 somc
somtdbcsLastChar                    somc
somtdbcsPostincr                    somc
somtdbcsPreincr                     somc
somtdbcsScan                        somc
somtdbcsStrchr                      somc
somtdbcsStrrchr                     somc
somtdbcsStrstr                      somc
somtdiskFull                        somc
somtdymain                          somc
somtemitPassthru                    somc
somtemitPredefinedTcConstants       somc
somtemitTcConstant                  somc
somtemitTypes                       somc
somteptotype                        somc
somterror                           somc
somtext                             somc
somtfatal                           somc
somtfclose                          somc
somtfexists                         somc
somtfilePath                        somc
somtfileStem                        somc
somtfindBaseEp                      somc
somtfindMethodName                  somc
somtfreeDataList                    somc
somtfreeMethodList                  somc
somtfullComment                     somc
somtfullPrototype                   somc
somtfullTypedef                     somc
somtg_buf                           somc
somtg_f                             somc
somtg_membuf                        somc
somtg_sccsid                        somc
somtg_somlink                       somc
somtgetAtt                          somc
somtgetDesc                         somc
somtgetEntry                        somc
somtgetNonRepeatedParent            somc
somtgetType                         somc
somtgetVersion                      somc
somtgetap                           somc
somtgetatt                          somc
somtgetdatt                         somc
somtgetgatt                         somc
somtglbdefs                         somc
somthandleDiskFull                  somc
somtimplicitMeta                    somc
somtincludeOnce                     somc
somtinitialiseMeta                  somc
somtinternal                        somc
somtisDbcs                          somc
somtisparent                        somc
somtkeyword                         somc
somtlistAttribute                   somc
somtload                            somc
somtmajorVersion                    somc
somtmeta                            somc
somtminorVersion                    somc
somtmp                              somc
somtmsg                             somc
somtnewMethodsCount                 somc
somtnextword                        somc
somtnotc                            somc
somtnthArg                          somc
somtoidlComment                     somc
somtokfopen                         somc
somtopenEmitFile                    somc
somtoutPath                         somc
somtpclsfilename                    somc
somtpclsname                        somc
somtprefixedPrototype               somc
somtprivateMethodsCount             somc
somtreadDescFile                    somc
somtremoveExt                       somc
somtreplaceDataName                 somc
somtrmSelf                          somc
somtrmstar                          somc
somtscmsg                           somc
somtsearchFile                      somc
somtsetDefaultDesc                  somc
somtsetEmitSignals                  somc
somtsetTypeDefn                     somc
somtsetext                          somc
somtshortArgList                    somc
somtshowVersion                     somc
somtskipws                          somc
somtsmalloc                         somc
somtsmfree                          somc
somtsomcls                          somc
somtstab                            somc
somtstabFirst                       somc
somtstabFirstName                   somc
somtstabNext                        somc
somtstabNextName                    somc
somtstringFmt                       somc
somtuninitialiseMeta                somc
somtuniqFmt                         somc
somtuniqString                      somc
somtunload                          somc
somtunsetEmitSignals                somc
somtwarn                            somc
somtwriteaccess                     somc
somtshortDefine                     somc
somtclassIdlCall                    somc
somtsatos                           somc
somtCPP                             somc
somtemitModule                      somc
somtmodule                          somc
somtemitModuleTypes                 somc
somttype                            somc
somtimplicit                        somc
somtdeclareIdlVarargs               somc
somtimplicitArgs                    somc
somtarrayToPtr                      somc
somtobseleteHeaderFile              somc
somtwidenType                       somc
somtctos                            somc
somtgenAttStubs                     somc
somtmget                            somc
somtmopen                           somc
somtmprintf                         somc
somtmclose                          somc
somticstrcmp                        somc
somtuppercase                       somc
somtlowercase                       somc
somtdbcsuppercase                   somc
somtdbcslowercase                   somc
somtresetEmitSignals                somc
somtstrictidl                       somc
somtaddEntryBuf                     somc
somtsizeofEntry                     somc
somtepname                          somc
somtgenSeqName                      somc
somtmrifatal                        somc
somtmriinternal                     somc
somtmrierror                        somc
somtmriwarn                         somc
somtmrimsg                          somc
somtsetInternalMessages             somc
somtisvoid                          somc
somtreturnsStruct                   somc
somtreturnsPtr                      somc
somttraverseParents                 somc
somtsimpleName                      somc
somtqualifyNames                    somc
somttcAlignment                     somc
somttcKind                          somc
somttcSize                          somc
somtfindBaseEpNonPtr                somc
somtprocessTraps                    somc
somtAncestorClass                   somc
somttcSeqFromListString             somc
somtGetReintroducedMethods          somc
somtclassList                       somc
somtokremove                        somc
somtallocMlist                      somc
somtmlistend                        somc
somtisMutRef                        somc
somtfreeMlist                       somc
somtdupMlist                        somc
somtsaved                           somc
somtfreeStab                        somc
somtfreeWorld                       somc
somtmalloc                          somc
somtfree                            somc
somtcalloc                          somc
somtrealloc                         somc
somtinitMalloc                      somc
somtInitialiseSomc                  somc
somtexit                            somc
somtipcbuf                          somc
somtscbuf                           somc
somtemitReturns                     somc
somtrealExit                        somc
somtgetAbistyle                     somc
somtParentNumFromName               somc
somtemitClassDataTokens             somc
SOMStringTableCCClassData           some
SOMStringTableCClassData            some
SOMStringTableCNewClass             some
SOMTAttributeEntryCCClassData       some
SOMTAttributeEntryCClassData        some
SOMTAttributeEntryCNewClass         some
SOMTBaseClassEntryCCClassData       some
SOMTBaseClassEntryCClassData        some
SOMTBaseClassEntryCNewClass         some
SOMTClassEntryCCClassData           some
SOMTClassEntryCClassData            some
SOMTClassEntryCNewClass             some
SOMTCommonEntryCCClassData          some
SOMTCommonEntryCClassData           some
SOMTCommonEntryCNewClass            some
SOMTConstEntryCCClassData           some
SOMTConstEntryCClassData            some
SOMTConstEntryCNewClass             some
SOMTDataEntryCCClassData            some
SOMTDataEntryCClassData             some
SOMTDataEntryCNewClass              some
SOMTEmitCCClassData                 some
SOMTEmitCClassData                  some
SOMTEmitCNewClass                   some
SOMTEntryCCClassData                some
SOMTEntryCClassData                 some
SOMTEntryCNewClass                  some
SOMTEnumEntryCCClassData            some
SOMTEnumEntryCClassData             some
SOMTEnumEntryCNewClass              some
SOMTEnumNameEntryCCClassData        some
SOMTEnumNameEntryCClassData         some
SOMTEnumNameEntryCNewClass          some
SOMTMetaClassEntryCCClassData       some
SOMTMetaClassEntryCClassData        some
SOMTMetaClassEntryCNewClass         some
SOMTMethodEntryCCClassData          some
SOMTMethodEntryCClassData           some
SOMTMethodEntryCNewClass            some
SOMTModuleEntryCCClassData          some
SOMTModuleEntryCClassData           some
SOMTModuleEntryCNewClass            some
SOMTParameterEntryCCClassData       some
SOMTParameterEntryCClassData        some
SOMTParameterEntryCNewClass         some
SOMTPassthruEntryCCClassData        some
SOMTPassthruEntryCClassData         some
SOMTPassthruEntryCNewClass          some
SOMTSequenceEntryCCClassData        some
SOMTSequenceEntryCClassData         some
SOMTSequenceEntryCNewClass          some
SOMTStringEntryCCClassData          some
SOMTStringEntryCClassData           some
SOMTStringEntryCNewClass            some
SOMTStructEntryCCClassData          some
SOMTStructEntryCClassData           some
SOMTStructEntryCNewClass            some
SOMTTemplateOutputCCClassData       some
SOMTTemplateOutputCClassData        some
SOMTTemplateOutputCNewClass         some
SOMTTypedefEntryCCClassData         some
SOMTTypedefEntryCClassData          some
SOMTTypedefEntryCNewClass           some
SOMTUnionEntryCCClassData           some
SOMTUnionEntryCClassData            some
SOMTUnionEntryCNewClass             some
SOMTUserDefinedTypeEntryCCClassData some
SOMTUserDefinedTypeEntryCClassData  some
SOMTUserDefinedTypeEntryCNewClass   some
somstDupStr                         some
somtEntryTypeName                   some
somtGetFileStem                     some
somtGetObjectWrapper                some
somtMakeIncludeStr                  some
somtNewSymbol                       some
somtShowEntry                       some
somtStrCat                          some
somtStrDup                          some
SOMCalloc                           som
_SOMCalloc                          som
SOMClassCClassData                  som
_SOMClassCClassData                 som
SOMClassClassData                   som
_SOMClassClassData                  som
SOMClassInitFuncName                som
_SOMClassInitFuncName               som
SOMClassMgrCClassData               som
_SOMClassMgrCClassData              som
SOMClassMgrClassData                som
_SOMClassMgrClassData               som
SOMClassMgrObject                   som
_SOMClassMgrObject                  som
SOMDeleteModule                     som
_SOMDeleteModule                    som
SOMError                            som
_SOMError                           som
SOMFree                             som
_SOMFree                            som
SOMLoadModule                       som
_SOMLoadModule                      som
SOMMalloc                           som
_SOMMalloc                          som
SOMObjectCClassData                 som
_SOMObjectCClassData                som
SOMObjectClassData                  som
_SOMObjectClassData                 som
SOMOutCharRoutine                   som
_SOMOutCharRoutine                  som
SOMRealloc                          som
_SOMRealloc                         som
SOM_AssertLevel                     som
_SOM_AssertLevel                    som
SOM_TraceLevel                      som
_SOM_TraceLevel                     som
SOM_WarnLevel                       som
_SOM_WarnLevel                      som
SOMClassMgrNewClass                 som
SOMClassNewClass                    som
SOMObjectNewClass                   som
somAssert                           som
somBeginPersistentIds               som
somCheckArgs                        som
somCheckId                          som
somCompareIds                       som
somConstructClass                   som
somEndPersistentIds                 som
somEnvironmentNew                   som
somIdFromString                     som
somLPrintf                          som
somParentResolve                    som
somPrefixLevel                      som
somPrintf                           som
somRegisterId                       som
somResolve                          som
somSaveMetrics                      som
somSetExpectedIds                   som
somStringFromId                     som
somTest                             som
somTestCls                          som
somTotalRegIds                      som
somUniqueKey                        som
somVprintf                          som
somWriteMetrics                     som
somDataResolve                      som
somClassResolve                     som
somBuildClass                       som
somParentNumResolve                 som
somCreateDynamicClass               som
somExceptionId                      som
somExceptionValue                   som
somExceptionFree                    som
somSetException                     som
SOM_IdTable                         som
_SOM_IdTable                        som
SOM_IdTableSize                     som
_SOM_IdTableSize                    som
somGetGlobalEnvironment             som
somIsObj                            som
somResolveByName                    som
somStartCriticalSection             som
somEndCriticalSection               som
va_SOMObject_somDispatchA           som
va_SOMObject_somDispatchD           som
va_SOMObject_somDispatchL           som
va_SOMObject_somDispatchV           som
va_SOMObject_somDispatch            som
somApply                            som
SOM_MajorVersion                    som
_SOM_MajorVersion                   som
SOM_MinorVersion                    som
_SOM_MinorVersion                   som
somDataResolveChk                   som
somAncestorResolve                  som
somfixMsgTemplate                   som
somGetClassFromMToken               som
somEnvironmentEnd                   som
somAbnormalEnd                      som
somSetOutChar                       som
somRegisterClassLibrary             som
SOMParentDerivedMetaclassClassData  som
somMainProgram                      som
somUnregisterClassLibrary           som
SOMCreateMutexSem                   som
_SOMCreateMutexSem                  som
SOMRequestMutexSem                  som
_SOMRequestMutexSem                 som
SOMReleaseMutexSem                  som
_SOMReleaseMutexSem                 som
SOMDestroyMutexSem                  som
_SOMDestroyMutexSem                 som
SOMGetThreadId                      som
_SOMGetThreadId                     som
SOM_MaxThreads                      som
_SOM_MaxThreads                     som
somva_SOMObject_somDispatchA        som
somva_SOMObject_somDispatchD        som
somva_SOMObject_somDispatchL        som
somva_SOMObject_somDispatchV        som
somva_SOMObject_somDispatch         som
somva_SOMObject_somClassDispatch    som
somFreeThreadData                   som
somResolveTerminal                  som
somIdMarshal                        som
somMakeUserRdStub                   som
somPCallResolve                     som
SocketsCClassData                   soms
SocketsClassData                    soms
SocketsNewClass                     soms
SOMEClientEventCClassData           somem
SOMEClientEventClassData            somem
SOMEClientEventNewClass             somem
SOMEEMRegisterDataCClassData        somem
SOMEEMRegisterDataClassData         somem
SOMEEMRegisterDataNewClass          somem
SOMEEManCClassData                  somem
SOMEEManClassData                   somem
SOMEEManNewClass                    somem
SOMEEventCClassData                 somem
SOMEEventClassData                  somem
SOMEEventNewClass                   somem
SOMESignalEventCClassData           somem
SOMESignalEventClassData            somem
SOMESignalEventNewClass             somem
SOMESinkEventCClassData             somem
SOMESinkEventClassData              somem
SOMESinkEventNewClass               somem
SOMETimerEventCClassData            somem
SOMETimerEventClassData             somem
SOMETimerEventNewClass              somem
SOMEWorkProcEventCClassData         somem
SOMEWorkProcEventClassData          somem
SOMEWorkProcEventNewClass           somem
va_SOMEEMRegisterData_someSetRegDataEventMask somem
somva_SOMEEMRegisterData_someSetRegDataEventMask somem
ArrayCClassData                     somct
ArrayClassData                      somct
ArrayNewClass                       somct
CharDictionaryCClassData            somct
CharDictionaryClassData             somct
CharDictionaryNewClass              somct
DictionaryCClassData                somct
DictionaryClassData                 somct
DictionaryNewClass                  somct
ICharDictionaryCClassData           somct
ICharDictionaryClassData            somct
ICharDictionaryNewClass             somct
IIntDictionaryCClassData            somct
IIntDictionaryClassData             somct
IIntDictionaryNewClass              somct
IdentityDictCClassData              somct
IdentityDictClassData               somct
IdentityDictNewClass                somct
IntDictionaryCClassData             somct
IntDictionaryClassData              somct
IntDictionaryNewClass               somct
IteratorCClassData                  somct
IteratorClassData                   somct
IteratorNewClass                    somct
ListCClassData                      somct
ListClassData                       somct
ListNewClass                        somct
SequenceCClassData                  somct
SequenceClassData                   somct
SequenceNewClass                    somct
SetCClassData                       somct
SetClassData                        somct
SetNewClass                         somct
SortedListCClassData                somct
SortedListClassData                 somct
SortedListNewClass                  somct
contLinkCClassData                  somct
contLinkClassData                   somct
contLinkNewClass                    somct
contObjectCClassData                somct
contObjectClassData                 somct
contObjectNewClass                  somct
dictKeyCClassData                   somct
dictKeyCharCClassData               somct
dictKeyCharClassData                somct
dictKeyCharNewClass                 somct
dictKeyClassData                    somct
dictKeyIntCClassData                somct
dictKeyIntClassData                 somct
dictKeyIntNewClass                  somct
dictKeyNewClass                     somct
dictObjectCClassData                somct
dictObjectClassData                 somct
dictObjectNewClass                  somct
otpContainerCClassData              somct
otpContainerClassData               somct
otpContainerNewClass                somct
CosSecurityAuthn_CapabilitiesCClassData somsec
CosSecurityAuthn_CapabilitiesClassData somsec
CosSecurityAuthn_CapabilitiesNewClass somsec
CosSecurityAuthn_PrivilegesCClassData somsec
CosSecurityAuthn_PrivilegesClassData somsec
CosSecurityAuthn_PrivilegesNewClass somsec
CosSecurityAuthn_PrincipalCClassData somsec
CosSecurityAuthn_PrincipalClassData somsec
CosSecurityAuthn_PrincipalNewClass  somsec
CosSecurityAuthn_QOPCClassData      somsec
CosSecurityAuthn_QOPClassData       somsec
CosSecurityAuthn_QOPNewClass        somsec
CosSecurityAuthn_VaultCClassData    somsec
CosSecurityAuthn_VaultClassData     somsec
CosSecurityAuthn_VaultNewClass      somsec
SOMDSecVault                        somsec
SOMSecurityAuthn_SOM_PersonaCClassData somsec
SOMSecurityAuthn_SOM_PersonaClassData somsec
SOMSecurityAuthn_SOM_PersonaNewClass somsec
SOMSecurityAuthn_SOM_SharedContextCClassData somsec
SOMSecurityAuthn_SOM_SharedContextClassData somsec
SOMSecurityAuthn_SOM_SharedContextNewClass somsec
SOMSecurityAuthn_SOM_VaultCClassData somsec
SOMSecurityAuthn_SOM_VaultClassData somsec
SOMSecurityAuthn_SOM_VaultNewClass  somsec
expand_array                        somsec
get_active_persona                  somsec
somdSECInit                         somsec
BOACClassData                       somd
BOAClassData                        somd
BOANewClass                         somd
CommAddressCClassData               somd
CommAddressClassData                somd
CommAddressNewClass                 somd
CommBindingCClassData               somd
CommBindingClassData                somd
CommBindingNewClass                 somd
ContextCClassData                   somd
ContextClassData                    somd
ContextNewClass                     somd
ImplDatabaseCClassData              somd
ImplDatabaseClassData               somd
ImplDatabaseNewClass                somd
ImplRepositoryCClassData            somd
ImplRepositoryClassData             somd
ImplRepositoryNewClass              somd
ImplementationDefCClassData         somd
ImplementationDefClassData          somd
ImplementationDefNewClass           somd
LocServDCClassData                  somd
LocServDClassData                   somd
LocServDNewClass                    somd
LocationServiceCClassData           somd
LocationServiceClassData            somd
LocationServiceNewClass             somd
SOMDServerMgrCClassData             somd
SOMDServerMgrClassData              somd
SOMDServerMgrNewClass               somd
NVListCClassData                    somd
NVListClassData                     somd
NVListNewClass                      somd
ORBCClassData                       somd
ORBClassData                        somd
ORBNewClass                         somd
ORBfree                             somd
ObjectMgrCClassData                 somd
ObjectMgrClassData                  somd
ObjectMgrNewClass                   somd
PrincipalCClassData                 somd
PrincipalClassData                  somd
PrincipalNewClass                   somd
RequestCClassData                   somd
RequestClassData                    somd
RequestMsgCClassData                somd
RequestMsgClassData                 somd
RequestMsgNewClass                  somd
RequestNewClass                     somd
SOMDClientProxyCClassData           somd
SOMDClientProxyClassData            somd
SOMDClientProxyNewClass             somd
SOMDMetaproxyCClassData             somd
SOMDMetaproxyClassData              somd
SOMDMetaproxyNewClass               somd
SOMDObjectCClassData                somd
SOMDObjectClassData                 somd
SOMDObjectMgrCClassData             somd
SOMDObjectMgrClassData              somd
SOMDObjectMgrNewClass               somd
SOMDObjectNewClass                  somd
SOMDServerCClassData                somd
SOMDServerClassData                 somd
SOMDServerNewClass                  somd
SOMD_DebugFlag                      somd
SOMD_DefaultContext                 somd
SOMD_ImplDefObject                  somd
SOMD_ImplRepObject                  somd
SOMD_Init                           somd
SOMD_LocServObject                  somd
SOMD_MMObject                       somd
SOMD_ORBObject                      somd
SOMD_ObjectMgr                      somd
SOMD_RegisterCallback               somd
SOMD_SOMOAObject                    somd
SOMD_ServerObject                   somd
SOMD_SocketObject                   somd
SOMD_TraceLevel                     somd
SOMD_Uninit                         somd
SOMInitsomd                         somd
SOMOACClassData                     somd
SOMOAClassData                      somd
SOMOANewClass                       somd
TSIdentificationCClassData          somd
TSIdentificationClassData           somd
TSIdentificationNewClass            somd
UuidCClassData                      somd
UuidClassData                       somd
UuidNewClass                        somd
ImplRepDistCClassData               somd
ImplRepDistClassData                somd
ImplRepDistNewClass                 somd
get_next_response                   somd
send_multiple_requests              somd
somdCommDebugFlag                   somd
somdDefineExitHandler               somd
somdError                           somd
somdExceptionCodeName               somd
somdGetAnchorBlock                  somd
somdGetLSDPort                      somd
somdImplIdBinToStr                  somd
somdLSDAddress                      somd
somdLSDExitHandler                  somd
somdLSDSetup                        somd
somdLSRsp                           somd
somdMakeSocketObj                   somd
somdMaxPathLen                      somd
somdMsg                             somd
somdPathGet                         somd
somdPgmExitHandler                  somd
somdPgmSetup                        somd
somdPrintf                          somd
somddbcsLastChar                    somd
somddbcsPostincr                    somd
somddbcsPreincr                     somd
somddbcsScan                        somd
somddbcsStrchr                      somd
somddbcsStrrchr                     somd
somddbcsStrstr                      somd
somddbcslowercase                   somd
somddbcsuppercase                   somd
somdisDbcs                          somd
somdlowercase                       somd
somduppercase                       somd
somd_htons                          somd
somd_htonl                          somd
somdstrcmp                          somd
SOMD_NoORBfree                      somd
SOMD_YesORBfree                     somd
SOMD_QueryORBfree                   somd
somdExceptionFree                   somd
SOMD_FlushInterfaceCache            somd
somdGetenv                          somd
somdCheckSOMSOCKETS                 somd
somdVDMQueues                       somd
SOMD_RecvBufferSize                 somd
somdCreateDynProxyClass             somd
authenticate_clients                somd
copyStringFromBuf                   somir
getIntFromBuf                       somir
getStringBufSize                    somir
getStringFromBuf                    somir
getStringLengthFromBuf              somir
getTypeCodeBufSize                  somir
getTypeCodeFromBuf                  somir
putIntInBuf                         somir
putStringInBuf                      somir
putTypeCodeInBuf                    somir
skipIntInBuf                        somir
skipStringInBuf                     somir
skipTypeCodeInBuf                   somir
irDisableUpdates                    somir
irEnableUpdates                     somir
irGetFileNames                      somir
irGetLastFileName                   somir
irRead                              somir
AttributeDefCClassData              somir
AttributeDefClassData               somir
AttributeDefNewClass                somir
ConstantDefCClassData               somir
ConstantDefClassData                somir
ConstantDefNewClass                 somir
ContainedCClassData                 somir
ContainedClassData                  somir
ContainedNewClass                   somir
ContainerCClassData                 somir
ContainerClassData                  somir
ContainerNewClass                   somir
ExceptionDefCClassData              somir
ExceptionDefClassData               somir
ExceptionDefNewClass                somir
InterfaceDefCClassData              somir
InterfaceDefClassData               somir
InterfaceDefNewClass                somir
ModuleDefCClassData                 somir
ModuleDefClassData                  somir
ModuleDefNewClass                   somir
OperationDefCClassData              somir
OperationDefClassData               somir
OperationDefNewClass                somir
ParameterDefCClassData              somir
ParameterDefClassData               somir
ParameterDefNewClass                somir
RepositoryCClassData                somir
RepositoryClassData                 somir
RepositoryNewClass                  somir
M_RepositoryCClassData              somir
M_RepositoryClassData               somir
M_RepositoryNewClass                somir
TypeDefCClassData                   somir
TypeDefClassData                    somir
TypeDefNewClass                     somir
TC__null                            somtc
TC__void                            somtc
TC__short                           somtc
TC__long                            somtc
TC__ushort                          somtc
TC__ulong                           somtc
TC__float                           somtc
TC__double                          somtc
TC__boolean                         somtc
TC__char                            somtc
TC__octet                           somtc
TC__any                             somtc
TC__TypeCode                        somtc
TC__Principal                       somtc
TC__Object                          somtc
TC__string                          somtc
TC__NamedValue                      somtc
TC__InterfaceDescription            somtc
TC__OperationDescription            somtc
TC__AttributeDescription            somtc
TC__ParameterDescription            somtc
TC__RepositoryDescription           somtc
TC__ModuleDescription               somtc
TC__ConstDescription                somtc
TC__ExceptionDescription            somtc
TC__TypeDescription                 somtc
TC__FullInterfaceDescription        somtc
tcAlignment                         somtc
tcCopy                              somtc
tcEqual                             somtc
tcFree                              somtc
tcKind                              somtc
tcNew                               somtc
tcNewVL                             somtc
tcParameter                         somtc
tcParmCount                         somtc
tcPrint                             somtc
tcSequenceNew                       somtc
tcSeqFromListString                 somtc
tcSetAlignment                      somtc
tcSize                              somtc
tcDefaultAlignment                  somtc
tcBufferLength                      somtc
tcCopyToBuffer                      somtc
TCCalloc                            somtc
TCFree                              somtc
TCMalloc                            somtc
TCRealloc                           somtc
tciPrintf                           somtc
tciSetException                     somtc
somVaBuf_create                     somtc
somVaBuf_get_valist                 somtc
somVaBuf_destroy                    somtc
somVaBuf_add                        somtc
somvalistGetTarget                  somtc
somvalistSetTarget                  somtc
tcSetZeroOriginEnum                 somtc
tcGetZeroOriginEnum                 somtc
M_SOMPPersistentObjectCClassData    somp
M_SOMPPersistentObjectClassData     somp
M_SOMPPersistentObjectNewClass      somp
SOMInitsomp                         somp
SOMPAsciiCClassData                 somp
SOMPAsciiClassData                  somp
SOMPAsciiMediaInterfaceCClassData   somp
SOMPAsciiMediaInterfaceClassData    somp
SOMPAsciiMediaInterfaceNewClass     somp
SOMPAsciiNewClass                   somp
SOMPAttrEncoderDecoderCClassData    somp
SOMPAttrEncoderDecoderClassData     somp
SOMPAttrEncoderDecoderNewClass      somp
SOMPBinaryCClassData                somp
SOMPBinaryClassData                 somp
SOMPBinaryFileMediaCClassData       somp
SOMPBinaryFileMediaClassData        somp
SOMPBinaryFileMediaNewClass         somp
SOMPBinaryNewClass                  somp
SOMPEncoderDecoderAbstractCClassData somp
SOMPEncoderDecoderAbstractClassData somp
SOMPEncoderDecoderAbstractNewClass  somp
SOMPFileMediaAbstractCClassData     somp
SOMPFileMediaAbstractClassData      somp
SOMPFileMediaAbstractNewClass       somp
SOMPIOGroupCClassData               somp
SOMPIOGroupClassData                somp
SOMPIOGroupMgrAbstractCClassData    somp
SOMPIOGroupMgrAbstractClassData     somp
SOMPIOGroupMgrAbstractNewClass      somp
SOMPIOGroupNewClass                 somp
SOMPIdAssignerAbstractCClassData    somp
SOMPIdAssignerAbstractClassData     somp
SOMPIdAssignerAbstractNewClass      somp
SOMPIdAssignerCClassData            somp
SOMPIdAssignerClassData             somp
SOMPIdAssignerNewClass              somp
SOMPKeyedSetCClassData              somp
SOMPKeyedSetClassData               somp
SOMPKeyedSetNewClass                somp
SOMPMediaInterfaceAbstractCClassData somp
SOMPMediaInterfaceAbstractClassData somp
SOMPMediaInterfaceAbstractNewClass  somp
SOMPNameSpaceMgrCClassData          somp
SOMPNameSpaceMgrClassData           somp
SOMPNameSpaceMgrNewClass            somp
SOMPObjectSetCClassData             somp
SOMPObjectSetClassData              somp
SOMPObjectSetNewClass               somp
SOMPPersistentIdCClassData          somp
SOMPPersistentIdClassData           somp
SOMPPersistentIdNewClass            somp
SOMPPersistentObjectCClassData      somp
SOMPPersistentObjectClassData       somp
SOMPPersistentObjectNewClass        somp
SOMPPersistentStorageMgrCClassData  somp
SOMPPersistentStorageMgrClassData   somp
SOMPPersistentStorageMgrNewClass    somp
dictKeyCharPjwCClassData            somp
dictKeyCharPjwClassData             somp
dictKeyCharPjwNewClass              somp
sompEndCriticalSection              somp
sompExpandPidString                 somp
sompFileOpen                        somp
sompGetThreadId                     somp
sompInitPersistenceFW               somp
sompNameSpaceMgr                    somp
sompNameSpaceMgrId                  somp
sompNameSpaceMgrIdString            somp
sompPersistentObjId                 somp
sompPersistentObjIdString           somp
sompPersistentStgMgrId              somp
sompPersistentStgMgrIdString        somp
sompPersistentStorageMgr            somp
sompRaiseException                  somp
sompStartCriticalSection            somp
sompSysDepInit                      somp
sompTblSize                         somp
sompfGetElapsedMicroSec             somp
sompfGetTimer                       somp
sompfGetTimerName                   somp
sompfGetTimesTurnedOff              somp
sompfGetTimesTurnedOn               somp
sompfInitTimers                     somp
sompfPrintTimer                     somp
sompfPrintTimers                    somp
sompfTestTimers                     somp
sompgDummyTimeZone                  somp
SOFTiSockMgrCClassData              somr
SOFTiSockMgrClassData               somr
SOFTiSockMgrNewClass                somr
SOMInitsomr                         somr
SOMRCClassData                      somr
SOMRClassData                       somr
SOMRLinearizableCClassData          somr
SOMRLinearizableClassData           somr
SOMRLinearizableNewClass            somr
SOMRNameableCClassData              somr
SOMRNameableClassData               somr
SOMRNameableNewClass                somr
SOMRNewClass                        somr
SOMRReplicblCClassData              somr
SOMRReplicblClassData               somr
SOMRReplicblNewClass                somr
debugflags                          somr
replica_number                      somr
somrNewClasses                      somr
somriGetErrorCode                   somr
SOMR_gccoEMan                       somr
SOMR_gcommMgr                       somr
SOMR_gselfPD                        somr
SOMR_gaclMgr                        somr
SOMR_gnamespace                     somr
SOMR_gclientEventCount              somr
SOMRReplicableNewClass              somr
SOMRReplicableClassData             somr
SOMRReplicableCClassData            somr
SOMRReplicableObjectNewClass        somr
SOMRReplicableObjectClassData       somr
SOMRReplicableObjectCClassData      somr
M_somutMsgManagerCClassData         somu
M_somutMsgManagerClassData          somu
M_somutMsgManagerNewClass           somu
SOMArgListCClassData                somu
SOMArgListClassData                 somu
SOMArgListNewClass                  somu
SOMBufCClassData                    somu
SOMBufClassData                     somu
SOMBufNewClass                      somu
SOMCommandCClassData                somu
SOMCommandClassData                 somu
SOMCommandNewClass                  somu
SOMDescCClassData                   somu
SOMDescClassData                    somu
SOMDescNewClass                     somu
SOMMBeforeAfterCClassData           somu
SOMMBeforeAfterClassData            somu
SOMMBeforeAfterNewClass             somu
SOMMSingleInstanceCClassData        somu
SOMMSingleInstanceClassData         somu
SOMMSingleInstanceNewClass          somu
SOMMTracedCClassData                somu
SOMMTracedClassData                 somu
SOMMTracedNewClass                  somu
SOMUTIdCClassData                   somu
SOMUTIdClassData                    somu
SOMUTIdNewClass                     somu
SOMUTStringIdCClassData             somu
SOMUTStringIdClassData              somu
SOMUTStringIdNewClass               somu
SOM_WatchFrequency                  somu
SOM_WatchLevel                      somu
somCheckHeap                        somu
somCheckHeapAll                     somu
somCheckMemBlock                    somu
somExternalizeCommandInit           somu
somShowHeap                         somu
somShowMemBlock                     somu
somWatchGetStats                    somu
somWatchInit                        somu
somWatchStart                       somu
somutExtCommand                     somu
somutExternalizeObject              somu
somutIntCommand                     somu
somutInternalizeObject              somu
somutMsgManagerCClassData           somu
somutMsgManagerClassData            somu
somutMsgManagerNewClass             somu
somwatchCalloc                      somu
somwatchFree                        somu
somwatchMalloc                      somu
somwatchRealloc                     somu
somwatchTrace                       somu
SOMMBeforeAfterDispatcherCClassData somu
SOMMBeforeAfterDispatcherClassData  somu
SOMMBeforeAfterDispatcherNewClass   somu
SOMMCooperativeNewClass             somu
SOMMCooperativeClassData            somu
SOMMCooperativeCClassData           somu
SOMMMetaCooperativeNewClass         somu
SOMMMetaCooperativeClassData        somu
SOMMMetaCooperativeCClassData       somu
SOMMCooperativeSisteredNewClass     somu
SOMMCooperativeSisteredClassData    somu
SOMMCooperativeSisteredCClassData   somu
SOMMCooperativeRedispatchedNewClass somu
SOMMCooperativeRedispatchedClassData somu
SOMMCooperativeRedispatchedCClassData somu
SOMStartThread                      somu
SOMEndThread                        somu
SOMKillThread                       somu
SOMGetThreadHandle                  somu
SOMYieldThread                      somu
somUUIDToString                     somu
somStringToUUID                     somu
somCreateUUID                       somu
somCompareUUIDStrings               somu
SOMBeginThread                      somu
SOMThreadJoin                       somu
SOMGetMutexOwner                    somu
SOMCreateEventSem                   somu
SOMDestroyEventSem                  somu
SOMPostEventSem                     somu
SOMWaitEventSem                     somu
SOMCreateSharedEventSem             somu
SOMOpenSharedEventSem               somu
SOMCloseSharedEventSem              somu
SOMDestroySharedEventSem            somu
SOMPostSharedEventSem               somu
SOMWaitSharedEventSem               somu
SOMCreateSharedMutexSem             somu
SOMOpenSharedMutexSem               somu
SOMCloseSharedMutexSem              somu
SOMDestroySharedMutexSem            somu
SOMRequestSharedMutexSem            somu
SOMReleaseSharedMutexSem            somu
SOMThreadDetach                     somu
somf_TPrimitiveLinkedListCClassData somuc
somf_TPrimitiveLinkedListClassData  somuc
somf_TPrimitiveLinkedListNewClass   somuc
somf_TPrimitiveLinkedListIteratorCClassData somuc
somf_TPrimitiveLinkedListIteratorClassData somuc
somf_TPrimitiveLinkedListIteratorNewClass somuc
somf_MLinkableCClassData            somuc
somf_MLinkableClassData             somuc
somf_MLinkableNewClass              somuc
somf_TDictionaryCClassData          somuc
somf_TDictionaryClassData           somuc
somf_TDictionaryNewClass            somuc
somf_TDictionaryIteratorCClassData  somuc
somf_TDictionaryIteratorClassData   somuc
somf_TDictionaryIteratorNewClass    somuc
somf_THashTableCClassData           somuc
somf_THashTableClassData            somuc
somf_THashTableNewClass             somuc
somf_THashTableIteratorCClassData   somuc
somf_THashTableIteratorClassData    somuc
somf_THashTableIteratorNewClass     somuc
somf_TAssocCClassData               somuc
somf_TAssocClassData                somuc
somf_TAssocNewClass                 somuc
somf_TSetCClassData                 somuc
somf_TSetClassData                  somuc
somf_TSetNewClass                   somuc
somf_TSetIteratorCClassData         somuc
somf_TSetIteratorClassData          somuc
somf_TSetIteratorNewClass           somuc
somf_TCollectionCClassData          somuc
somf_TCollectionClassData           somuc
somf_TCollectionNewClass            somuc
somf_TIteratorCClassData            somuc
somf_TIteratorClassData             somuc
somf_TIteratorNewClass              somuc
somf_MCollectibleCClassData         somuc
somf_MCollectibleClassData          somuc
somf_MCollectibleNewClass           somuc
somf_TCollectibleLongCClassData     somuc
somf_TCollectibleLongClassData      somuc
somf_TCollectibleLongNewClass       somuc
somf_TSequenceCClassData            somuc
somf_TSequenceClassData             somuc
somf_TSequenceNewClass              somuc
somf_TSequenceIteratorCClassData    somuc
somf_TSequenceIteratorClassData     somuc
somf_TSequenceIteratorNewClass      somuc
somf_TDequeLinkableCClassData       somuc
somf_TDequeLinkableClassData        somuc
somf_TDequeLinkableNewClass         somuc
somf_TDequeCClassData               somuc
somf_TDequeClassData                somuc
somf_TDequeNewClass                 somuc
somf_TDequeIteratorCClassData       somuc
somf_TDequeIteratorClassData        somuc
somf_TDequeIteratorNewClass         somuc
somf_MOrderableCollectibleCClassData somuc
somf_MOrderableCollectibleClassData somuc
somf_MOrderableCollectibleNewClass  somuc
somf_TPriorityQueueCClassData       somuc
somf_TPriorityQueueClassData        somuc
somf_TPriorityQueueNewClass         somuc
somf_TPriorityQueueIteratorCClassData somuc
somf_TPriorityQueueIteratorClassData somuc
somf_TPriorityQueueIteratorNewClass somuc
somf_TSortedSequenceCClassData      somuc
somf_TSortedSequenceClassData       somuc
somf_TSortedSequenceNewClass        somuc
somf_TSortedSequenceIteratorCClassData somuc
somf_TSortedSequenceIteratorClassData somuc
somf_TSortedSequenceIteratorNewClass somuc
somf_TSortedSequenceNodeCClassData  somuc
somf_TSortedSequenceNodeClassData   somuc
somf_TSortedSequenceNodeNewClass    somuc
M_WPColorPaletteNewClass            WPCONFIG
WPColorPaletteNewClass              WPCONFIG
WPPaletteClassData                  WPCONFIG
WPObjectClassData                   PMWP
M_WPObjectClassData                 PMWP
DosQueryModuleHandle                DOSCALLS
GpiCreateLogColorTable              PMGPI
GpiBeginPath                        PMGPI
GpiMove                             PMGPI
GpiPolyLine                         PMGPI
GpiEndPath                          PMGPI
GpiSetColor                         PMGPI
GpiFillPath                         PMGPI
WinLoadDlg                          PMWIN
WinSendMsg                          PMWIN
WinSetWindowPos                     PMWIN
WinQueryAnchorBlock                 PMWIN
WinIsWindow                         PMWIN
WinDestroyWindow                    PMWIN
WinRegisterClass                    PMWIN
WinQueryWindowPtr                   PMWIN
WinSetWindowPtr                     PMWIN
WinSendDlgItemMsg                   PMWIN
WinDefDlgProc                       PMWIN
GpiDeleteBitmap                     PMGPI
DevOpenDC                           PMGPI
GpiCreatePS                         PMGPI
DevCloseDC                          PMGPI
DevQueryCaps                        PMGPI
DosAllocMem                         DOSCALLS
GpiQueryDeviceBitmapFormats         PMGPI
DosFreeMem                          DOSCALLS
GpiCreateBitmap                     PMGPI
GpiDestroyPS                        PMGPI
GpiSetBitmap                        PMGPI
GpiAssociate                        PMGPI
WinFillRect                         PMWIN
GpiBeginArea                        PMGPI
GpiSetArcParams                     PMGPI
GpiPartialArc                       PMGPI
GpiQueryCurrentPosition             PMGPI
GpiLine                             PMGPI
GpiEndArea                          PMGPI
GpiQueryStopDraw                    PMGPI
WinInitialize                       PMWIN
WinInvalidateRect                   PMWIN
WinTerminate                        PMWIN
DosExit                             DOSCALLS
WinQuerySysPointer                  PMWIN
DosCreateThread                     DOSCALLS
GpiSetStopDraw                      PMGPI
DosKillThread                       DOSCALLS
WinAlarm                            PMWIN
WinGetPS                            PMWIN
GpiFullArc                          PMGPI
GpiSetClipPath                      PMGPI
GpiPtVisible                        PMGPI
WinSetCapture                       PMWIN
GpiSetMix                           PMGPI
WinReleasePS                        PMWIN
WinSetPointer                       PMWIN
WinQueryWindowRect                  PMWIN
WinBeginPaint                       PMWIN
WinEndPaint                         PMWIN
GpiWCBitBlt                         PMGPI
WinDestroyPointer                   PMWIN
WinDefWindowProc                    PMWIN
DosWrite                            DOSCALLS
DosQuerySysInfo                     DOSCALLS
DosGetInfoBlocks                    DOSCALLS
DosQueryModuleName                  DOSCALLS
DosDevConfig                        DOSCALLS
DosCloseMutexSem                    DOSCALLS
DosReleaseMutexSem                  DOSCALLS
DosCreateMutexSem                   DOSCALLS
DosRequestMutexSem                  DOSCALLS
DosLoadModule                       DOSCALLS
DosQueryProcAddr                    DOSCALLS
DosOpen                             DOSCALLS
DosClose                            DOSCALLS
DosQueryDBCSEnv                     NLS
DosQueryCp                          DOSCALLS
DosPostEventSem                     DOSCALLS
DosCreateEventSem                   DOSCALLS
DosCloseEventSem                    DOSCALLS
DosWaitEventSem                     DOSCALLS


                        +--------------------+
                        |   Libraries Used   |
                        +--------------------+

C:\WATCOM/lib386/os2\clib3r.lib
C:\WATCOM/lib386\math387r.lib
C:\WATCOM/lib386/os2\emu387.lib
C:\WATCOM/lib386/os2\os2386.lib


                        +-----------------------+
                        |   Linker Statistics   |
                        +-----------------------+

Stack size:  0000 (0.)
Memory size:  9124 (37156.)
Link time: 00:02.81
